This file contains any messages produced by compilers while
running configure, to aid debugging if configure makes a mistake.

It was created by GNU Autoconf configure 2.69, which was
generated by GNU Autoconf 2.69.  Invocation command line was

  $ ./configure --srcdir=/Users/golden/Work/scalpel3/autoconf-2.69

## --------- ##
## Platform. ##
## --------- ##

hostname = deadpool.local
uname -m = x86_64
uname -r = 19.6.0
uname -s = Darwin
uname -v = Darwin Kernel Version 19.6.0: Tue Oct 12 18:34:05 PDT 2021; root:xnu-6153.141.43~1/RELEASE_X86_64

/usr/bin/uname -p = i386
/bin/uname -X     = unknown

/bin/arch              = unknown
/usr/bin/arch -k       = unknown
/usr/convex/getsysinfo = unknown
/usr/bin/hostinfo      = Mach kernel version:
	 Darwin Kernel Version 19.6.0: Tue Oct 12 18:34:05 PDT 2021; root:xnu-6153.141.43~1/RELEASE_X86_64
Kernel configured for up to 36 processors.
18 processors are physically available.
36 processors are logically available.
Processor type: x86_64h (Intel x86-64h Haswell)
Processors active: 0 1 2 3 4 5 6 7 8 9 10 11 12 13 14 15 16 17 18 19 20 21 22 23 24 25 26 27 28 29 30 31 32 33 34 35
Primary memory available: 128.00 gigabytes
Default processor set: 619 tasks, 4114 threads, 36 processors
Load average: 2.17, Mach factor: 33.81
/bin/machine           = unknown
/usr/bin/oslevel       = unknown
/bin/universe          = unknown

PATH: /opt/local/Library/Frameworks/Python.framework/Versions/3.9/bin
PATH: /Users/golden/Library/Python/3.9/bin
PATH: /opt/local/bin
PATH: /opt/local/sbin
PATH: /Applications/SenchaSDKTools-2.0.0-Beta/jsbuilder
PATH: /Applications/SenchaSDKTools-2.0.0-Beta/bin
PATH: /Applications/SenchaSDKTools-2.0.0-Beta
PATH: /usr/local/bin
PATH: /usr/bin
PATH: /bin
PATH: /usr/sbin
PATH: /sbin
PATH: /Applications/VMware Fusion.app/Contents/Public
PATH: /Library/TeX/texbin
PATH: /usr/local/go/bin
PATH: /opt/X11/bin
PATH: /Library/Apple/usr/bin
PATH: /Applications/Wireshark.app/Contents/MacOS
PATH: /Users/golden/android-sdk-mac_x86/tools
PATH: /Users/golden/android-sdk-mac_x86/platform-tools
PATH: /Users/golden/Work/simh/BIN
PATH: /Users/golden/.cabal/bin
PATH: /opt/local/include
PATH: /Applications/ida/idaq.app/Contents/MacOS
PATH: /opt/msf
PATH: /opt/local/lib/postgresql93/bin
PATH: /bin
PATH: /Applications/010 Editor.app/Contents/CmdLine


## ----------- ##
## Core tests. ##
## ----------- ##

configure:1796: checking for a BSD-compatible install
configure:1864: result: /opt/local/bin/ginstall -c
configure:1875: checking whether build environment is sane
configure:1925: result: yes
configure:2066: checking for a thread-safe mkdir -p
configure:2105: result: /opt/local/bin/gmkdir -p
configure:2118: checking for gawk
configure:2134: found /opt/local/bin/gawk
configure:2145: result: gawk
configure:2156: checking whether make sets $(MAKE)
configure:2178: result: yes
configure:2263: checking build system type
configure:2277: result: x86_64-apple-darwin19.6.0
configure:2297: checking host system type
configure:2310: result: x86_64-apple-darwin19.6.0
configure:2337: autobuild project... GNU Autoconf
configure:2343: autobuild revision... 2.69
configure:2348: autobuild hostname... deadpool.local
configure:2359: autobuild timestamp... 20220417T222521Z
configure:2387: checking whether /bin/sh -n is known to work
configure:2406: result: yes
configure:2410: checking for characters that cannot appear in file names
configure:2430: result: none
configure:2436: checking whether directories can have trailing spaces
configure:2450: result: yes
configure:2461: checking for expr
configure:2479: found /bin/expr
configure:2491: result: /bin/expr
configure:2510: checking for GNU M4 that supports accurate traces
configure:2559: result: /opt/local/bin/gm4
configure:2562: checking whether /opt/local/bin/gm4 accepts --gnu
configure:2572: result: yes
configure:2589: checking how m4 supports trace files
configure:2599: result: --debugfile
configure:2623: checking for perl
configure:2641: found /opt/local/bin/perl
configure:2654: result: /opt/local/bin/perl
configure:2673: checking whether /opt/local/bin/perl Fcntl::flock is implemented
configure:2687: result: yes
configure:2705: checking for emacs
configure:2721: found /usr/local/bin/emacs
configure:2732: result: emacs
configure:2750: checking whether emacs is sufficiently recent
configure:2760: $TEST_EMACS -batch -q -f batch-byte-compile conftest.el 1>&2

In toplevel form:
conftest.el:1:7:Warning: global/dynamic var `broken' lacks a prefix

In broken-mode:
conftest.el:2:35:Warning: assignment to free variable `broken-defaults'
configure:2763: $? = 0
configure:2771: result: yes
configure:2788: checking for emacs
configure:2815: result: emacs
configure:2839: checking where .elc files should go
configure:2852: $EMACS -batch -q -eval '(while load-path (princ (concat (car load-path) "\n")) (setq load-path (cdr load-path)))' </dev/null >conftest.out
configure:2855: $? = 0
configure:2868: result: ${datadir}/emacs/site-lisp
configure:2881: checking for grep that handles long lines and -e
configure:2939: result: /opt/local/bin/ggrep
configure:2944: checking for egrep
configure:3006: result: /opt/local/bin/ggrep -E
configure:3011: checking for a sed that does not truncate output
configure:3075: result: /opt/local/bin/gsed
configure:3085: checking whether make is case sensitive
configure:3100: result: yes
configure:3279: creating ./config.status

## ---------------------- ##
## Running config.status. ##
## ---------------------- ##

This file was extended by GNU Autoconf config.status 2.69, which was
generated by GNU Autoconf 2.69.  Invocation command line was

  CONFIG_FILES    = 
  CONFIG_HEADERS  = 
  CONFIG_LINKS    = 
  CONFIG_COMMANDS = 
  $ ./config.status 

on deadpool.local

config.status:797: creating tests/Makefile
config.status:797: creating tests/atlocal
config.status:797: creating man/Makefile
config.status:797: creating lib/emacs/Makefile
config.status:797: creating Makefile
config.status:797: creating doc/Makefile
config.status:797: creating lib/Makefile
config.status:797: creating lib/Autom4te/Makefile
config.status:797: creating lib/autoscan/Makefile
config.status:797: creating lib/m4sugar/Makefile
config.status:797: creating lib/autoconf/Makefile
config.status:797: creating lib/autotest/Makefile
config.status:797: creating bin/Makefile
config.status:1000: executing tests/atconfig commands

## ---------------- ##
## Cache variables. ##
## ---------------- ##

ac_cv_build=x86_64-apple-darwin19.6.0
ac_cv_dir_trailing_space=yes
ac_cv_env_EMACSLOADPATH_set=
ac_cv_env_EMACSLOADPATH_value=
ac_cv_env_EMACS_set=
ac_cv_env_EMACS_value=
ac_cv_env_M4_set=
ac_cv_env_M4_value=
ac_cv_env_build_alias_set=
ac_cv_env_build_alias_value=
ac_cv_env_host_alias_set=
ac_cv_env_host_alias_value=
ac_cv_env_target_alias_set=
ac_cv_env_target_alias_value=
ac_cv_host=x86_64-apple-darwin19.6.0
ac_cv_path_EGREP='/opt/local/bin/ggrep -E'
ac_cv_path_EXPR=/bin/expr
ac_cv_path_GREP=/opt/local/bin/ggrep
ac_cv_path_M4=/opt/local/bin/gm4
ac_cv_path_PERL=/opt/local/bin/perl
ac_cv_path_SED=/opt/local/bin/gsed
ac_cv_path_install='/opt/local/bin/ginstall -c'
ac_cv_path_mkdir=/opt/local/bin/gmkdir
ac_cv_perl_flock_implemented=yes
ac_cv_prog_AWK=gawk
ac_cv_prog_EMACS=emacs
ac_cv_prog_TEST_EMACS=emacs
ac_cv_prog_emacs_ok=yes
ac_cv_prog_gnu_m4_debugfile=--debugfile
ac_cv_prog_gnu_m4_gnu=yes
ac_cv_prog_make_make_case=yes
ac_cv_prog_make_make_set=yes
ac_cv_sh_n_works=yes
ac_cv_unsupported_fs_chars=
am_cv_lispdir='${datadir}/emacs/site-lisp'

## ----------------- ##
## Output variables. ##
## ----------------- ##

ACLOCAL='${SHELL} /Users/golden/Work/scalpel3/autoconf-2.69/build-aux/missing --run aclocal-1.11'
AMTAR='${SHELL} /Users/golden/Work/scalpel3/autoconf-2.69/build-aux/missing --run tar'
AUTOCONF='${SHELL} /Users/golden/Work/scalpel3/autoconf-2.69/build-aux/missing --run autoconf'
AUTOHEADER='${SHELL} /Users/golden/Work/scalpel3/autoconf-2.69/build-aux/missing --run autoheader'
AUTOMAKE='${SHELL} /Users/golden/Work/scalpel3/autoconf-2.69/build-aux/missing --run automake-1.11'
AWK='gawk'
CYGPATH_W='echo'
DEFS='-DPACKAGE_NAME=\"GNU\ Autoconf\" -DPACKAGE_TARNAME=\"autoconf\" -DPACKAGE_VERSION=\"2.69\" -DPACKAGE_STRING=\"GNU\ Autoconf\ 2.69\" -DPACKAGE_BUGREPORT=\"bug-autoconf@gnu.org\" -DPACKAGE_URL=\"http://www.gnu.org/software/autoconf/\" -DPACKAGE=\"autoconf\" -DVERSION=\"2.69\"'
ECHO_C='\c'
ECHO_N=''
ECHO_T=''
EGREP='/opt/local/bin/ggrep -E'
EMACS='emacs'
EMACSLOADPATH=''
EXPR='/bin/expr'
GREP='/opt/local/bin/ggrep'
HELP2MAN='${SHELL} /Users/golden/Work/scalpel3/autoconf-2.69/build-aux/missing --run help2man'
INSTALL_DATA='${INSTALL} -m 644'
INSTALL_PROGRAM='${INSTALL}'
INSTALL_SCRIPT='${INSTALL}'
INSTALL_STRIP_PROGRAM='$(install_sh) -c -s'
LIBOBJS=''
LIBS=''
LTLIBOBJS=''
M4='/opt/local/bin/gm4'
M4_DEBUGFILE='--debugfile'
M4_GNU='--gnu'
MAKEINFO='${SHELL} /Users/golden/Work/scalpel3/autoconf-2.69/build-aux/missing --run makeinfo'
MAKE_CASE_SENSITIVE_FALSE='#'
MAKE_CASE_SENSITIVE_TRUE=''
MKDIR_P='/opt/local/bin/gmkdir -p'
PACKAGE='autoconf'
PACKAGE_BUGREPORT='bug-autoconf@gnu.org'
PACKAGE_NAME='GNU Autoconf'
PACKAGE_STRING='GNU Autoconf 2.69'
PACKAGE_TARNAME='autoconf'
PACKAGE_URL='http://www.gnu.org/software/autoconf/'
PACKAGE_VERSION='2.69'
PATH_SEPARATOR=':'
PERL='/opt/local/bin/perl'
PERL_FLOCK='yes'
SED='/opt/local/bin/gsed'
SET_MAKE=''
SHELL='/bin/sh'
STRIP=''
TEST_EMACS='emacs'
VERSION='2.69'
ac_cv_dir_trailing_space='yes'
ac_cv_sh_n_works='yes'
ac_cv_unsupported_fs_chars=''
am__isrc=''
am__leading_dot='.'
am__tar='${AMTAR} chof - "$$tardir"'
am__untar='${AMTAR} xf -'
bindir='${exec_prefix}/bin'
build='x86_64-apple-darwin19.6.0'
build_alias=''
build_cpu='x86_64'
build_os='darwin19.6.0'
build_vendor='apple'
datadir='${datarootdir}'
datarootdir='${prefix}/share'
docdir='${datarootdir}/doc/${PACKAGE_TARNAME}'
dvidir='${docdir}'
exec_prefix='${prefix}'
host='x86_64-apple-darwin19.6.0'
host_alias=''
host_cpu='x86_64'
host_os='darwin19.6.0'
host_vendor='apple'
htmldir='${docdir}'
includedir='${prefix}/include'
infodir='${datarootdir}/info'
install_sh='${SHELL} /Users/golden/Work/scalpel3/autoconf-2.69/build-aux/install-sh'
libdir='${exec_prefix}/lib'
libexecdir='${exec_prefix}/libexec'
lispdir='${datadir}/emacs/site-lisp'
localedir='${datarootdir}/locale'
localstatedir='${prefix}/var'
mandir='${datarootdir}/man'
mkdir_p='/opt/local/bin/gmkdir -p'
oldincludedir='/usr/include'
pdfdir='${docdir}'
prefix='/usr/local'
program_transform_name='s,x,x,'
psdir='${docdir}'
sbindir='${exec_prefix}/sbin'
sharedstatedir='${prefix}/com'
sysconfdir='${prefix}/etc'
target_alias=''

## ----------- ##
## confdefs.h. ##
## ----------- ##

/* confdefs.h */
#define PACKAGE_NAME "GNU Autoconf"
#define PACKAGE_TARNAME "autoconf"
#define PACKAGE_VERSION "2.69"
#define PACKAGE_STRING "GNU Autoconf 2.69"
#define PACKAGE_BUGREPORT "bug-autoconf@gnu.org"
#define PACKAGE_URL "http://www.gnu.org/software/autoconf/"
#define PACKAGE "autoconf"
#define VERSION "2.69"

configure: exit 0
